               (1; 0, 0, 0)
(0.707106781186548; 0.7071…
(0.707106781186548; 0, 0.7…
(0.707106781186548; 0, 0, …
               (0; 1, 0, 0)
               (0; 0, 1, 0)
               (0; 0, 0, 1)
