 [1] "( 1      ,  0     ,      1   )" "( 0.878  ,  0.479 ,      1.65)"
 [3] "( 0.540  ,  0.841 ,      2.72)" "( 0.0707 ,  0.997 ,      4.48)"
 [5] "(-0.416  ,  0.909 ,      7.39)" "(-0.801  ,  0.598 ,     12.2 )"
 [7] "(-0.990  ,  0.141 ,     20.1 )" "(-0.936  , -0.351 ,     33.1 )"
 [9] "(-0.654  , -0.757 ,     54.6 )" "(-0.211  , -0.978 ,     90.0 )"
[11] "( 0.284  , -0.959 ,    148.  )" "( 0.709  , -0.706 ,    245.  )"
[13] "( 0.960  , -0.279 ,    403.  )" "( 0.977  ,  0.215 ,    665.  )"
[15] "( 0.754  ,  0.657 ,   1097.  )" "( 0.347  ,  0.938 ,   1808.  )"
[17] "(-0.146  ,  0.989 ,   2981.  )" "(-0.602  ,  0.798 ,   4915.  )"
[19] "(-0.911  ,  0.412 ,   8103.  )" "(-0.997  , -0.0752,  13360.  )"
[21] "(-0.839  , -0.544 ,  22026.  )" "(-0.476  , -0.880 ,  36316.  )"
[23] "( 0.00443, -1.00  ,  59874.  )" "( 0.483  , -0.875 ,  98716.  )"
[25] "( 0.844  , -0.537 , 162755.  )" "( 0.998  , -0.0663, 268337.  )"
attr(,"align")
[1] "right"
