 [1] "( 1      ,  0     ,  1.00e0)" "( 0.878  ,  0.479 ,  1.65e0)"
 [3] "( 0.540  ,  0.841 ,  2.72e0)" "( 0.0707 ,  0.997 ,  4.48e0)"
 [5] "(-0.416  ,  0.909 ,  7.39e0)" "(-0.801  ,  0.598 ,  1.22e1)"
 [7] "(-0.990  ,  0.141 ,  2.01e1)" "(-0.936  , -0.351 ,  3.31e1)"
 [9] "(-0.654  , -0.757 ,  5.46e1)" "(-0.211  , -0.978 ,  9.00e1)"
[11] "( 0.284  , -0.959 ,  1.48e2)" "( 0.709  , -0.706 ,  2.45e2)"
[13] "( 0.960  , -0.279 ,  4.03e2)" "( 0.977  ,  0.215 ,  6.65e2)"
[15] "( 0.754  ,  0.657 ,  1.10e3)" "( 0.347  ,  0.938 ,  1.81e3)"
[17] "(-0.146  ,  0.989 ,  2.98e3)" "(-0.602  ,  0.798 ,  4.91e3)"
[19] "(-0.911  ,  0.412 ,  8.10e3)" "(-0.997  , -0.0752,  1.34e4)"
[21] "(-0.839  , -0.544 ,  2.20e4)" "(-0.476  , -0.880 ,  3.63e4)"
[23] "( 0.00443, -1.00  ,  5.99e4)" "( 0.483  , -0.875 ,  9.87e4)"
[25] "( 0.844  , -0.537 ,  1.63e5)" "( 0.998  , -0.0663,  2.68e5)"
attr(,"align")
[1] "right"
